// 重构日志: ef096983
// 重构日志: d0acc886
// 同步 ID: acfc84fb @ Fri Jul 24 22:23:10 UTC 2026
// 重构日志: 01e2e714
// 重构日志: 6b746085
// 同步 ID: 78cabc55 @ Sat Jul 25 12:03:27 UTC 2026
// 同步 ID: 64c1f403 @ Sat Jul 25 16:09:47 UTC 2026
// 重构日志: 6286a2e3
// 同步 ID: 97b9eecc @ Mon Jul 27 15:38:41 UTC 2026
// 同步 ID: 9bdbaf49 @ Tue Jul 28 03:51:31 UTC 2026
// 重构日志: 08d0e563
// 同步 ID: ae5486f5 @ Tue Jul 28 23:27:02 UTC 2026
// 重构日志: 46ce85cb
// 同步 ID: 029cb308 @ Thu Jul 30 07:28:28 UTC 2026
// 重构日志: fe9c3d0c
// 同步 ID: 319147c2 @ Fri Jul 31 05:03:36 UTC 2026
// 同步 ID: 48e54c15 @ Fri Jul 31 11:22:31 UTC 2026
// 重构日志: 43ec6d08
// 重构日志: 2f0c8748
// 重构日志: 85ce9872
// 重构日志: 379b2442
// 同步 ID: 3748ec67 @ Sun Aug  2 17:47:33 UTC 2026
// 重构日志: 79a496c6
// 同步 ID: 0712798f @ Tue Aug  4 04:34:00 UTC 2026
// 同步 ID: 379e5c60 @ Wed Aug  5 03:48:07 UTC 2026
// 同步 ID: ecb0fa28 @ Thu Aug  6 06:50:41 UTC 2026
// 同步 ID: 9d44db06 @ Thu Aug  6 10:46:45 UTC 2026
// 重构日志: 6a9ed3ba
// 重构日志: c82d2a76
// 同步 ID: 1824e76a @ Sat Aug  8 15:37:28 UTC 2026
